Microchip MPLAB XC8 Compiler V1.41 ()

Linker command line:

-W-3 --edf=C:\Program Files (x86)\Microchip\xc8\v1.41\dat\en_msgs.txt -cs \
  -h+dist/default/production\RF_Transceiver.X.production.sym \
  --cmf=dist/default/production\RF_Transceiver.X.production.cmf -z \
  -Q16F1503 -oC:\Users\Liam\AppData\Local\Temp\s9a0.2 \
  -Mdist/default/production/RF_Transceiver.X.production.map -E1 -ver=XC8 \
  -ASTACK=02029h-0206fh -pstack=STACK -ACODE=00h-07FFh -ASTRCODE=00h-07FFh \
  -ASTRING=00h-0FFhx8 -ACONST=00h-0FFhx8 -AENTRY=00h-0FFhx8 \
  -ACOMMON=070h-07Fh -ABANK0=020h-06Fh -ABANK1=0A0h-0BFh \
  -ABIGRAM=02000h-0206Fh -ARAM=020h-06Fh,0A0h-0BFh \
  -AABS1=020h-07Fh,0A0h-0BFh -ASFR0=00h-01Fh -ASFR1=080h-09Fh \
  -ASFR2=0100h-016Fh -ASFR3=0180h-01EFh -ASFR4=0200h-026Fh \
  -ASFR5=0280h-02EFh -ASFR6=0300h-036Fh -ASFR7=0380h-03EFh \
  -ASFR8=0400h-046Fh -ASFR9=0480h-04EFh -ASFR10=0500h-056Fh \
  -ASFR11=0580h-05EFh -ASFR12=0600h-066Fh -ASFR13=0680h-06EFh \
  -ASFR14=0700h-076Fh -ASFR15=0780h-07EFh -ASFR16=0800h-086Fh \
  -ASFR17=0880h-08EFh -ASFR18=0900h-096Fh -ASFR19=0980h-09EFh \
  -ASFR20=0A00h-0A6Fh -ASFR21=0A80h-0AEFh -ASFR22=0B00h-0B6Fh \
  -ASFR23=0B80h-0BEFh -ASFR24=0C00h-0C6Fh -ASFR25=0C80h-0CEFh \
  -ASFR26=0D00h-0D6Fh -ASFR27=0D80h-0DEFh -ASFR28=0E00h-0E6Fh \
  -ASFR29=0E80h-0EEFh -ASFR30=0F00h-0F6Fh -ASFR31=0F80h-0FEFh \
  -preset_vec=00h,intentry,init,end_init -ppowerup=CODE -pcinit=CODE \
  -pfunctab=CODE -ACONFIG=08007h-08008h -pconfig=CONFIG -DCONFIG=2 \
  -AIDLOC=08000h-08003h -pidloc=IDLOC -DIDLOC=2 -DCODE=2 -DSTRCODE=2 \
  -DSTRING=2 -DCONST=2 -DENTRY=2 -k \
  C:\Users\Liam\AppData\Local\Temp\s9a0.obj \
  dist/default/production\RF_Transceiver.X.production.obj 

Object code version is 3.11

Machine type is 16F1503



                Name                               Link     Load   Length Selector   Space Scale
C:\Users\Liam\AppData\Local\Temp\s9a0.obj
                end_init                              1        1        1        0       0
                reset_vec                             0        0        1        0       0
                config                             8007     8007        2    1000E       0
dist/default/production\RF_Transceiver.X.production.obj
                cinit                               7FE      7FE        2      FFC       0
                text10                              4E5      4E5        A      9CA       0
                text9                               4EF      4EF        B      9DE       0
                text8                               566      566       64      ACC       0
                text7                               74B      74B       B3      E96       0
                text6                               6C4      6C4       87      D88       0
                text5                               51E      51E       19      A3C       0
                text4                               509      509       15      A12       0
                text3                               4FA      4FA        F      9F4       0
                text2                               5CA      5CA       76      B94       0
                text1                               537      537       2F      A6E       0
                maintext                            640      640       84      C80       0
                cstackBANK0                          20       20       29       20       1
                cstackCOMMON                         70       70        C       70       1
                stringtext                          4DD      4DD        8      9BA       0

TOTAL           Name                               Link     Load   Length     Space
        CLASS   STACK          

        CLASS   CODE           
                end_init                              1        1        1         0
                cinit                               7FE      7FE        2         0
                reset_vec                             0        0        1         0
                text10                              4E5      4E5        A         0
                text9                               4EF      4EF        B         0
                text8                               566      566       64         0
                text7                               74B      74B       B3         0
                text6                               6C4      6C4       87         0
                text5                               51E      51E       19         0
                text4                               509      509       15         0
                text3                               4FA      4FA        F         0
                text2                               5CA      5CA       76         0
                text1                               537      537       2F         0
                maintext                            640      640       84         0

        CLASS   STRCODE        
                stringtext                          4DD      4DD        8         0

        CLASS   STRING         

        CLASS   CONST          

        CLASS   ENTRY          

        CLASS   COMMON         
                cstackCOMMON                         70       70        C         1

        CLASS   BANK0          
                cstackBANK0                          20       20       29         1

        CLASS   BANK1          

        CLASS   BIGRAM         

        CLASS   RAM            

        CLASS   ABS1           
                abs_s1                               7E       7E        2         1

        CLASS   SFR0           

        CLASS   SFR1           

        CLASS   SFR2           

        CLASS   SFR3           

        CLASS   SFR4           

        CLASS   SFR5           

        CLASS   SFR6           

        CLASS   SFR7           

        CLASS   SFR8           

        CLASS   SFR9           

        CLASS   SFR10          

        CLASS   SFR11          

        CLASS   SFR12          

        CLASS   SFR13          

        CLASS   SFR14          

        CLASS   SFR15          

        CLASS   SFR16          

        CLASS   SFR17          

        CLASS   SFR18          

        CLASS   SFR19          

        CLASS   SFR20          

        CLASS   SFR21          

        CLASS   SFR22          

        CLASS   SFR23          

        CLASS   SFR24          

        CLASS   SFR25          

        CLASS   SFR26          

        CLASS   SFR27          

        CLASS   SFR28          

        CLASS   SFR29          

        CLASS   SFR30          

        CLASS   SFR31          

        CLASS   CONFIG         
                config                             8007     8007        2         0

        CLASS   IDLOC          

        CLASS   BANK31         

        CLASS   BANK30         

        CLASS   BANK29         

        CLASS   BANK28         

        CLASS   BANK27         

        CLASS   BANK26         

        CLASS   BANK25         

        CLASS   BANK24         

        CLASS   BANK23         

        CLASS   BANK22         

        CLASS   BANK21         

        CLASS   BANK20         

        CLASS   BANK19         

        CLASS   BANK18         

        CLASS   BANK17         

        CLASS   BANK16         

        CLASS   BANK15         

        CLASS   BANK14         

        CLASS   BANK13         

        CLASS   BANK12         

        CLASS   BANK11         

        CLASS   BANK10         

        CLASS   BANK9          

        CLASS   BANK8          

        CLASS   BANK7          

        CLASS   BANK6          

        CLASS   BANK5          

        CLASS   BANK4          

        CLASS   BANK3          

        CLASS   BANK2          

        CLASS   EEDATA         



SEGMENTS        Name                           Load    Length   Top    Selector   Space  Class     Delta

                reset_vec                      000000  000002  000002         0       0  CODE        2
                cstackBANK0                    000020  000029  000049        20       1  BANK0       1
                cstackCOMMON                   000070  00000C  00007C        70       1  COMMON      1
                stringtext                     0004DD  000008  0004E5       9BA       0  STRCODE     2
                text10                         0004E5  00000A  0004EF       9CA       0  CODE        2
                text9                          0004EF  00000B  0004FA       9DE       0  CODE        2
                text3                          0004FA  00000F  000509       9F4       0  CODE        2
                text4                          000509  000015  00051E       A12       0  CODE        2
                text5                          00051E  000019  000537       A3C       0  CODE        2
                text1                          000537  00002F  000566       A6E       0  CODE        2
                text8                          000566  000064  0005CA       ACC       0  CODE        2
                text2                          0005CA  000076  000640       B94       0  CODE        2
                maintext                       000640  000084  0006C4       C80       0  CODE        2
                text6                          0006C4  000087  00074B       D88       0  CODE        2
                text7                          00074B  0000B3  0007FE       E96       0  CODE        2
                cinit                          0007FE  000002  000800       FFC       0  CODE        2
                config                         008007  000002  008009     1000E       0  CONFIG      2


UNUSED ADDRESS RANGES

        Name                Unused          Largest block    Delta
        BANK0            00049-0006F              27           1
        BANK1            000A0-000BF              20           1
        BIGRAM           02000-0206F              70           1
        CODE             00002-004DC             4DB           2
        COMMON           0007C-0007D               2           1
        CONST            00002-004DC             100           2
        ENTRY            00002-004DC             100           2
        IDLOC            08000-08003               4           2
        RAM              00049-0006F              27           1
                         000A0-000BF              20
        SFR0             00000-0001F              20           1
        SFR1             00080-0009F              20           1
        SFR10            00500-0056F              70           1
        SFR11            00580-005EF              70           1
        SFR12            00600-0066F              70           1
        SFR13            00680-006EF              70           1
        SFR14            00700-0076F              70           1
        SFR15            00780-007EF              70           1
        SFR16            00800-0086F              70           1
        SFR17            00880-008EF              70           1
        SFR18            00900-0096F              70           1
        SFR19            00980-009EF              70           1
        SFR2             00100-0016F              70           1
        SFR20            00A00-00A6F              70           1
        SFR21            00A80-00AEF              70           1
        SFR22            00B00-00B6F              70           1
        SFR23            00B80-00BEF              70           1
        SFR24            00C00-00C6F              70           1
        SFR25            00C80-00CEF              70           1
        SFR26            00D00-00D6F              70           1
        SFR27            00D80-00DEF              70           1
        SFR28            00E00-00E6F              70           1
        SFR29            00E80-00EEF              70           1
        SFR3             00180-001EF              70           1
        SFR30            00F00-00F6F              70           1
        SFR31            00F80-00FEF              70           1
        SFR4             00200-0026F              70           1
        SFR5             00280-002EF              70           1
        SFR6             00300-0036F              70           1
        SFR7             00380-003EF              70           1
        SFR8             00400-0046F              70           1
        SFR9             00480-004EF              70           1
        STACK            02029-0206F              47           1
        STRCODE          00002-004DC             4DB           2
        STRING           00002-004DC             100           2

                                  Symbol Table

?___ftmul                     cstackBANK0  00024
?___ftpack                    cstackCOMMON 00070
?___fttol                     cstackBANK0  00034
?___lbtoft                    cstackCOMMON 00078
_LATAbits                     (abs)        0010C
_LATCbits                     (abs)        0010E
_OPTION_REGbits               (abs)        00095
_PIR1bits                     (abs)        00011
_PORTAbits                    (abs)        0000C
_SPI_init                     text9        004EF
_SSP1BUF                      (abs)        00211
_SSP1CON1bits                 (abs)        00215
_SSP1STATbits                 (abs)        00214
_TRISA                        (abs)        0008C
_TRISC                        (abs)        0008E
_TX_ADDR                      stringtext   004DD
_WPUAbits                     (abs)        0020C
_WRITE_MASK                   stringtext   004E3
_W_TX_PAYLOAD                 stringtext   004E4
__CFG_BOREN$OFF               (abs)        00000
__CFG_BORV$LO                 (abs)        00000
__CFG_CLKOUTEN$OFF            (abs)        00000
__CFG_CP$OFF                  (abs)        00000
__CFG_FOSC$INTOSC             (abs)        00000
__CFG_LPBOR$OFF               (abs)        00000
__CFG_LVP$OFF                 (abs)        00000
__CFG_MCLRE$ON                (abs)        00000
__CFG_PWRTE$OFF               (abs)        00000
__CFG_STVREN$ON               (abs)        00000
__CFG_WDTE$OFF                (abs)        00000
__CFG_WRT$OFF                 (abs)        00000
__Habs1                       abs1         00000
__Hbank0                      bank0        00000
__Hbank1                      bank1        00000
__Hbank10                     bank10       00000
__Hbank11                     bank11       00000
__Hbank12                     bank12       00000
__Hbank13                     bank13       00000
__Hbank14                     bank14       00000
__Hbank15                     bank15       00000
__Hbank16                     bank16       00000
__Hbank17                     bank17       00000
__Hbank18                     bank18       00000
__Hbank19                     bank19       00000
__Hbank2                      bank2        00000
__Hbank20                     bank20       00000
__Hbank21                     bank21       00000
__Hbank22                     bank22       00000
__Hbank23                     bank23       00000
__Hbank24                     bank24       00000
__Hbank25                     bank25       00000
__Hbank26                     bank26       00000
__Hbank27                     bank27       00000
__Hbank28                     bank28       00000
__Hbank29                     bank29       00000
__Hbank3                      bank3        00000
__Hbank30                     bank30       00000
__Hbank31                     bank31       00000
__Hbank4                      bank4        00000
__Hbank5                      bank5        00000
__Hbank6                      bank6        00000
__Hbank7                      bank7        00000
__Hbank8                      bank8        00000
__Hbank9                      bank9        00000
__Hbigram                     bigram       00000
__Hcinit                      cinit        00800
__Hclrtext                    clrtext      00000
__Hcode                       code         00000
__Hcommon                     common       00000
__Hconfig                     config       08009
__HcstackBANK0                cstackBANK0  00000
__HcstackCOMMON               cstackCOMMON 00000
__Heeprom_data                eeprom_data  00000
__Hend_init                   end_init     00002
__Hfunctab                    functab      00000
__Hidloc                      idloc        00000
__Hinit                       init         00001
__Hintentry                   intentry     00001
__Hmaintext                   maintext     00000
__Hpowerup                    powerup      00000
__Hram                        ram          00000
__Hreset_vec                  reset_vec    00001
__Hsfr0                       sfr0         00000
__Hsfr1                       sfr1         00000
__Hsfr10                      sfr10        00000
__Hsfr11                      sfr11        00000
__Hsfr12                      sfr12        00000
__Hsfr13                      sfr13        00000
__Hsfr14                      sfr14        00000
__Hsfr15                      sfr15        00000
__Hsfr16                      sfr16        00000
__Hsfr17                      sfr17        00000
__Hsfr18                      sfr18        00000
__Hsfr19                      sfr19        00000
__Hsfr2                       sfr2         00000
__Hsfr20                      sfr20        00000
__Hsfr21                      sfr21        00000
__Hsfr22                      sfr22        00000
__Hsfr23                      sfr23        00000
__Hsfr24                      sfr24        00000
__Hsfr25                      sfr25        00000
__Hsfr26                      sfr26        00000
__Hsfr27                      sfr27        00000
__Hsfr28                      sfr28        00000
__Hsfr29                      sfr29        00000
__Hsfr3                       sfr3         00000
__Hsfr30                      sfr30        00000
__Hsfr31                      sfr31        00000
__Hsfr4                       sfr4         00000
__Hsfr5                       sfr5         00000
__Hsfr6                       sfr6         00000
__Hsfr7                       sfr7         00000
__Hsfr8                       sfr8         00000
__Hsfr9                       sfr9         00000
__Hspace_0                    (abs)        08009
__Hspace_1                    (abs)        0007C
__Hspace_2                    (abs)        00000
__Hspace_3                    (abs)        00000
__Hstack                      stack        00000
__Hstrings                    strings      00000
__Hstringtext                 stringtext   00000
__Htext                       text         00000
__Labs1                       abs1         00000
__Lbank0                      bank0        00000
__Lbank1                      bank1        00000
__Lbank10                     bank10       00000
__Lbank11                     bank11       00000
__Lbank12                     bank12       00000
__Lbank13                     bank13       00000
__Lbank14                     bank14       00000
__Lbank15                     bank15       00000
__Lbank16                     bank16       00000
__Lbank17                     bank17       00000
__Lbank18                     bank18       00000
__Lbank19                     bank19       00000
__Lbank2                      bank2        00000
__Lbank20                     bank20       00000
__Lbank21                     bank21       00000
__Lbank22                     bank22       00000
__Lbank23                     bank23       00000
__Lbank24                     bank24       00000
__Lbank25                     bank25       00000
__Lbank26                     bank26       00000
__Lbank27                     bank27       00000
__Lbank28                     bank28       00000
__Lbank29                     bank29       00000
__Lbank3                      bank3        00000
__Lbank30                     bank30       00000
__Lbank31                     bank31       00000
__Lbank4                      bank4        00000
__Lbank5                      bank5        00000
__Lbank6                      bank6        00000
__Lbank7                      bank7        00000
__Lbank8                      bank8        00000
__Lbank9                      bank9        00000
__Lbigram                     bigram       00000
__Lcinit                      cinit        007FE
__Lclrtext                    clrtext      00000
__Lcode                       code         00000
__Lcommon                     common       00000
__Lconfig                     config       08007
__LcstackBANK0                cstackBANK0  00000
__LcstackCOMMON               cstackCOMMON 00000
__Leeprom_data                eeprom_data  00000
__Lend_init                   end_init     00001
__Lfunctab                    functab      00000
__Lidloc                      idloc        00000
__Linit                       init         00001
__Lintentry                   intentry     00001
__Lmaintext                   maintext     00000
__Lpowerup                    powerup      00000
__Lram                        ram          00000
__Lreset_vec                  reset_vec    00000
__Lsfr0                       sfr0         00000
__Lsfr1                       sfr1         00000
__Lsfr10                      sfr10        00000
__Lsfr11                      sfr11        00000
__Lsfr12                      sfr12        00000
__Lsfr13                      sfr13        00000
__Lsfr14                      sfr14        00000
__Lsfr15                      sfr15        00000
__Lsfr16                      sfr16        00000
__Lsfr17                      sfr17        00000
__Lsfr18                      sfr18        00000
__Lsfr19                      sfr19        00000
__Lsfr2                       sfr2         00000
__Lsfr20                      sfr20        00000
__Lsfr21                      sfr21        00000
__Lsfr22                      sfr22        00000
__Lsfr23                      sfr23        00000
__Lsfr24                      sfr24        00000
__Lsfr25                      sfr25        00000
__Lsfr26                      sfr26        00000
__Lsfr27                      sfr27        00000
__Lsfr28                      sfr28        00000
__Lsfr29                      sfr29        00000
__Lsfr3                       sfr3         00000
__Lsfr30                      sfr30        00000
__Lsfr31                      sfr31        00000
__Lsfr4                       sfr4         00000
__Lsfr5                       sfr5         00000
__Lsfr6                       sfr6         00000
__Lsfr7                       sfr7         00000
__Lsfr8                       sfr8         00000
__Lsfr9                       sfr9         00000
__Lspace_0                    (abs)        00000
__Lspace_1                    (abs)        00000
__Lspace_2                    (abs)        00000
__Lspace_3                    (abs)        00000
__Lstack                      stack        00000
__Lstrings                    strings      00000
__Lstringtext                 stringtext   00000
__Ltext                       text         00000
__S0                          (abs)        08009
__S1                          (abs)        0007C
__S2                          (abs)        00000
___ftmul                      text7        0074B
___ftmul@cntr                 cstackBANK0  00032
___ftmul@exp                  cstackBANK0  0002E
___ftmul@f1                   cstackBANK0  00024
___ftmul@f2                   cstackBANK0  00027
___ftmul@f3_as_product        cstackBANK0  0002F
___ftmul@sign                 cstackBANK0  00033
___ftpack                     text8        00566
___ftpack@arg                 cstackCOMMON 00070
___ftpack@exp                 cstackCOMMON 00073
___ftpack@sign                cstackCOMMON 00074
___fttol                      text6        006C4
___fttol@exp1                 cstackBANK0  00041
___fttol@f1                   cstackBANK0  00034
___fttol@lval                 cstackBANK0  0003D
___fttol@sign1                cstackBANK0  0003C
___int_sp                     stack        00000
___latbits                    (abs)        00000
___lbtoft                     text5        0051E
___lbtoft@c                   cstackCOMMON 0007B
___sp                         stack        00000
__end_of_READ_MASK            stringtext   004E3
__end_of_SPI_init             text9        004FA
__end_of_TX_ADDR              stringtext   004E2
__end_of_WRITE_MASK           stringtext   004E4
__end_of_W_TX_PAYLOAD         stringtext   004E5
__end_of___ftmul              text7        007FE
__end_of___ftpack             text8        005CA
__end_of___fttol              text6        0074B
__end_of___lbtoft             text5        00537
__end_of__initialization      cinit        007FE
__end_of_blink                text4        0051E
__end_of_configIOTransmitter  text10       004EF
__end_of_configureTX          text2        00640
__end_of_main                 maintext     006C4
__end_of_transmitData         text1        00566
__end_of_writeSPI             text3        00509
__initialization              cinit        007FE
__pcstackBANK0                cstackBANK0  00020
__pcstackCOMMON               cstackCOMMON 00070
__pmaintext                   maintext     00640
__pstringtext                 stringtext   004DD
__ptext1                      text1        00537
__ptext10                     text10       004E5
__ptext2                      text2        005CA
__ptext3                      text3        004FA
__ptext4                      text4        00509
__ptext5                      text5        0051E
__ptext6                      text6        006C4
__ptext7                      text7        0074B
__ptext8                      text8        00566
__ptext9                      text9        004EF
__size_of_SPI_init            (abs)        00000
__size_of___ftmul             (abs)        00000
__size_of___ftpack            (abs)        00000
__size_of___fttol             (abs)        00000
__size_of___lbtoft            (abs)        00000
__size_of_blink               (abs)        00000
__size_of_configIOTransmitter (abs)        00000
__size_of_configureTX         (abs)        00000
__size_of_main                (abs)        00000
__size_of_transmitData        (abs)        00000
__size_of_writeSPI            (abs)        00000
_blink                        text4        00509
_configIOTransmitter          text10       004E5
_configureTX                  text2        005CA
_main                         maintext     00640
_transmitData                 text1        00537
_writeSPI                     text3        004FA
btemp                         (abs)        0007E
configureTX@i                 cstackCOMMON 00074
configureTX@i_263             cstackCOMMON 00075
end_of_initialization         cinit        007FE
intlevel0                     functab      00000
intlevel1                     functab      00000
intlevel2                     functab      00000
intlevel3                     functab      00000
intlevel4                     functab      00000
intlevel5                     functab      00000
main@data                     cstackBANK0  00046
main@last                     cstackBANK0  00047
main@sreg                     cstackBANK0  00048
reset_vec                     reset_vec    00000
stackhi                       (abs)        0206F
stacklo                       (abs)        02029
start                         init         00001
start_initialization          cinit        007FE
transmitData@data             cstackCOMMON 00074
transmitData@sreg             cstackCOMMON 00075
writeSPI@data                 cstackCOMMON 00071
writeSPI@x                    cstackCOMMON 00072
wtemp0                        (abs)        0007E


FUNCTION INFORMATION:

 *************** function _main *****************
 Defined at:
		line 56 in file "transmitter.c"
 Parameters:    Size  Location     Type
		None
 Auto vars:     Size  Location     Type
  sreg            1   40[BANK0 ] unsigned char 
  data            1   38[BANK0 ] unsigned char 
  last            1   39[BANK0 ] unsigned char 
 Return value:  Size  Location     Type
                  2   44[None  ] int 
 Registers used:
		wreg, fsr0l, fsr0h, status,2, status,0, pclath, cstack
 Tracked objects:
		On entry : 
		On exit  : 
		Unchanged: 
 Data sizes:     COMMON   BANK0   BANK1
      Params:         0       0       0
      Locals:         0       3       0
      Temps:          0       4       0
      Totals:         0       7       0
Total ram usage:        7 bytes
 Hardware stack levels required when called:    2
 This function calls:
		_SPI_init
		___ftmul
		___fttol
		___lbtoft
		_blink
		_configureTX
		_transmitData
		_writeSPI
 This function is called by:
		Startup code after reset
 This function uses a non-reentrant model


 *************** function _transmitData *****************
 Defined at:
		line 189 in file "transmitter.c"
 Parameters:    Size  Location     Type
  data            1    wreg     unsigned char 
 Auto vars:     Size  Location     Type
  data            1    4[COMMON] unsigned char 
  sreg            1    5[COMMON] unsigned char 
 Return value:  Size  Location     Type
                  1    wreg      void 
 Registers used:
		wreg, fsr0l, fsr0h, status,2, status,0, pclath, cstack
 Tracked objects:
		On entry : 
		On exit  : 
		Unchanged: 
 Data sizes:     COMMON   BANK0   BANK1
      Params:         0       0       0
      Locals:         2       0       0
      Temps:          1       0       0
      Totals:         3       0       0
Total ram usage:        3 bytes
 Hardware stack levels used:    1
 Hardware stack levels required when called:    1
 This function calls:
		_writeSPI
 This function is called by:
		_main
 This function uses a non-reentrant model


 *************** function _configureTX *****************
 Defined at:
		line 102 in file "transmitter.c"
 Parameters:    Size  Location     Type
		None
 Auto vars:     Size  Location     Type
  i               1    5[COMMON] unsigned char 
  i               1    4[COMMON] unsigned char 
 Return value:  Size  Location     Type
                  1    wreg      void 
 Registers used:
		wreg, fsr0l, fsr0h, status,2, status,0, pclath, cstack
 Tracked objects:
		On entry : 
		On exit  : 
		Unchanged: 
 Data sizes:     COMMON   BANK0   BANK1
      Params:         0       0       0
      Locals:         2       0       0
      Temps:          1       0       0
      Totals:         3       0       0
Total ram usage:        3 bytes
 Hardware stack levels used:    1
 Hardware stack levels required when called:    1
 This function calls:
		_writeSPI
 This function is called by:
		_main
 This function uses a non-reentrant model


 *************** function _writeSPI *****************
 Defined at:
		line 164 in file "transmitter.c"
 Parameters:    Size  Location     Type
  data            1    wreg     unsigned char 
 Auto vars:     Size  Location     Type
  data            1    1[COMMON] unsigned char 
  x               1    2[COMMON] unsigned char 
 Return value:  Size  Location     Type
                  1    wreg      unsigned char 
 Registers used:
		wreg
 Tracked objects:
		On entry : 
		On exit  : 
		Unchanged: 
 Data sizes:     COMMON   BANK0   BANK1
      Params:         0       0       0
      Locals:         2       0       0
      Temps:          1       0       0
      Totals:         3       0       0
Total ram usage:        3 bytes
 Hardware stack levels used:    1
 This function calls:
		Nothing
 This function is called by:
		_main
		_configureTX
		_transmitData
 This function uses a non-reentrant model


 *************** function _blink *****************
 Defined at:
		line 95 in file "transmitter.c"
 Parameters:    Size  Location     Type
		None
 Auto vars:     Size  Location     Type
		None
 Return value:  Size  Location     Type
                  1    wreg      void 
 Registers used:
		wreg
 Tracked objects:
		On entry : 
		On exit  : 
		Unchanged: 
 Data sizes:     COMMON   BANK0   BANK1
      Params:         0       0       0
      Locals:         0       0       0
      Temps:          1       0       0
      Totals:         1       0       0
Total ram usage:        1 bytes
 Hardware stack levels used:    1
 This function calls:
		Nothing
 This function is called by:
		_main
 This function uses a non-reentrant model


 *************** function ___lbtoft *****************
 Defined at:
		line 27 in file "C:\Program Files (x86)\Microchip\xc8\v1.41\sources\common\lbtoft.c"
 Parameters:    Size  Location     Type
  c               1    wreg     unsigned char 
 Auto vars:     Size  Location     Type
  c               1   11[COMMON] unsigned char 
 Return value:  Size  Location     Type
                  3    8[COMMON] float 
 Registers used:
		wreg, status,2, status,0, pclath, cstack
 Tracked objects:
		On entry : 
		On exit  : 
		Unchanged: 
 Data sizes:     COMMON   BANK0   BANK1
      Params:         3       0       0
      Locals:         1       0       0
      Temps:          0       4       0
      Totals:         4       4       0
Total ram usage:        8 bytes
 Hardware stack levels used:    1
 Hardware stack levels required when called:    1
 This function calls:
		___ftpack
 This function is called by:
		_main
 This function uses a non-reentrant model


 *************** function ___fttol *****************
 Defined at:
		line 44 in file "C:\Program Files (x86)\Microchip\xc8\v1.41\sources\common\fttol.c"
 Parameters:    Size  Location     Type
  f1              3   20[BANK0 ] float 
 Auto vars:     Size  Location     Type
  lval            4   29[BANK0 ] unsigned long 
  exp1            1   33[BANK0 ] unsigned char 
  sign1           1   28[BANK0 ] unsigned char 
 Return value:  Size  Location     Type
                  4   20[BANK0 ] long 
 Registers used:
		wreg, status,2, status,0
 Tracked objects:
		On entry : 
		On exit  : 
		Unchanged: 
 Data sizes:     COMMON   BANK0   BANK1
      Params:         0       4       0
      Locals:         0       6       0
      Temps:          0       4       0
      Totals:         0      14       0
Total ram usage:       14 bytes
 Hardware stack levels used:    1
 This function calls:
		Nothing
 This function is called by:
		_main
 This function uses a non-reentrant model


 *************** function ___ftmul *****************
 Defined at:
		line 62 in file "C:\Program Files (x86)\Microchip\xc8\v1.41\sources\common\ftmul.c"
 Parameters:    Size  Location     Type
  f1              3    4[BANK0 ] float 
  f2              3    7[BANK0 ] float 
 Auto vars:     Size  Location     Type
  f3_as_produc    3   15[BANK0 ] unsigned um
  sign            1   19[BANK0 ] unsigned char 
  cntr            1   18[BANK0 ] unsigned char 
  exp             1   14[BANK0 ] unsigned char 
 Return value:  Size  Location     Type
                  3    4[BANK0 ] float 
 Registers used:
		wreg, status,2, status,0, pclath, cstack
 Tracked objects:
		On entry : 
		On exit  : 
		Unchanged: 
 Data sizes:     COMMON   BANK0   BANK1
      Params:         0       6       0
      Locals:         0       6       0
      Temps:          0       4       0
      Totals:         0      16       0
Total ram usage:       16 bytes
 Hardware stack levels used:    1
 Hardware stack levels required when called:    1
 This function calls:
		___ftpack
 This function is called by:
		_main
 This function uses a non-reentrant model


 *************** function ___ftpack *****************
 Defined at:
		line 62 in file "C:\Program Files (x86)\Microchip\xc8\v1.41\sources\common\float.c"
 Parameters:    Size  Location     Type
  arg             3    0[COMMON] unsigned um
  exp             1    3[COMMON] unsigned char 
  sign            1    4[COMMON] unsigned char 
 Auto vars:     Size  Location     Type
		None
 Return value:  Size  Location     Type
                  3    0[COMMON] float 
 Registers used:
		wreg, status,2, status,0
 Tracked objects:
		On entry : 
		On exit  : 
		Unchanged: 
 Data sizes:     COMMON   BANK0   BANK1
      Params:         5       0       0
      Locals:         0       0       0
      Temps:          3       0       0
      Totals:         8       0       0
Total ram usage:        8 bytes
 Hardware stack levels used:    1
 This function calls:
		Nothing
 This function is called by:
		___ftmul
		___lbtoft
 This function uses a non-reentrant model


 *************** function _SPI_init *****************
 Defined at:
		line 215 in file "transmitter.c"
 Parameters:    Size  Location     Type
		None
 Auto vars:     Size  Location     Type
		None
 Return value:  Size  Location     Type
                  1    wreg      void 
 Registers used:
		wreg, status,2, status,0, pclath, cstack
 Tracked objects:
		On entry : 
		On exit  : 
		Unchanged: 
 Data sizes:     COMMON   BANK0   BANK1
      Params:         0       0       0
      Locals:         0       0       0
      Temps:          0       0       0
      Totals:         0       0       0
Total ram usage:        0 bytes
 Hardware stack levels used:    1
 Hardware stack levels required when called:    1
 This function calls:
		_configIOTransmitter
 This function is called by:
		_main
 This function uses a non-reentrant model


 *************** function _configIOTransmitter *****************
 Defined at:
		line 86 in file "transmitter.c"
 Parameters:    Size  Location     Type
		None
 Auto vars:     Size  Location     Type
		None
 Return value:  Size  Location     Type
                  1    wreg      void 
 Registers used:
		wreg
 Tracked objects:
		On entry : 
		On exit  : 
		Unchanged: 
 Data sizes:     COMMON   BANK0   BANK1
      Params:         0       0       0
      Locals:         0       0       0
      Temps:          0       0       0
      Totals:         0       0       0
Total ram usage:        0 bytes
 Hardware stack levels used:    1
 This function calls:
		Nothing
 This function is called by:
		_SPI_init
 This function uses a non-reentrant model



MODULE INFORMATION

Module		Function		Class		Link	Load	Size
C:\Program Files (x86)\Microchip\xc8\v1.41\sources\common\fttol.c
		___fttol       		CODE           	06C4	0000	136

C:\Program Files (x86)\Microchip\xc8\v1.41\sources\common\fttol.c estimated size: 136

C:\Program Files (x86)\Microchip\xc8\v1.41\sources\common\float.c
		___ftpack      		CODE           	0566	0000	101

C:\Program Files (x86)\Microchip\xc8\v1.41\sources\common\float.c estimated size: 101

shared
		_TX_ADDR       		STRCODE        	04DD	0000	6
		__initialization		CODE           	07FE	0000	1
		_READ_MASK     		STRCODE        	0000	0000	0
		_WRITE_MASK    		STRCODE        	04E3	0000	2
		_W_TX_PAYLOAD  		STRCODE        	04E4	0000	2

shared estimated size: 11

C:\Program Files (x86)\Microchip\xc8\v1.41\sources\common\lbtoft.c
		___lbtoft      		CODE           	051E	0000	26

C:\Program Files (x86)\Microchip\xc8\v1.41\sources\common\lbtoft.c estimated size: 26

transmitter.c
		_configureTX   		CODE           	05CA	0000	119
		_SPI_init      		CODE           	04EF	0000	12
		_configIOTransmitter		CODE           	04E5	0000	11
		_writeSPI      		CODE           	04FA	0000	16
		_main          		CODE           	0640	0000	133
		_blink         		CODE           	0509	0000	22
		_transmitData  		CODE           	0537	0000	48

transmitter.c estimated size: 361

C:\Program Files (x86)\Microchip\xc8\v1.41\sources\common\ftmul.c
		___ftmul       		CODE           	074B	0000	180

C:\Program Files (x86)\Microchip\xc8\v1.41\sources\common\ftmul.c estimated size: 180

